<!DOCTYPE html>
<html>
  <head>
    <title>Include Data Template</title>

    <link rel="stylesheet" type="text/css" href="app/styles.css" media="all" />
  </head>
  <body>
    <script type="text/javascript" src="app/scripts.js"></script>
    <div>test specific context</div>
    <div>this is included data</div>
  </body>
</html>