<!DOCTYPE html>
<html>
  <head>
    <title>Multiple Include</title>

    <link rel="stylesheet" type="text/css" href="app/styles.css" media="all" />
  </head>
  <body>
    <strong>Hello World!</strong>
    <script type="text/javascript" src="app/scripts.js"></script>
    <strong>Goodbye World!</strong>
  </body>
</html>