<!DOCTYPE html>
<html>
  <head>
    <title>Template Path Include</title>

    <link rel="stylesheet" type="text/css" href="app/styles.css" media="all" />
  </head>
  <body>
    <strong>Hello World! I am from a template path!</strong>
    <script type="text/javascript" src="app/scripts.js"></script>
  </body>
</html>